------------------------------------------------------------
TimeQuest Timing Analyzer Summary
------------------------------------------------------------

Type  : Slow 1200mV 85C Model Setup 'divisor:N1|cuenta[10]'
Slack : -4.491
TNS   : -39.930

Type  : Slow 1200mV 85C Model Setup 'reloj'
Slack : -2.305
TNS   : -33.551

Type  : Slow 1200mV 85C Model Setup 'divisor:N2|cuenta[23]'
Slack : -1.070
TNS   : -15.716

Type  : Slow 1200mV 85C Model Hold 'reloj'
Slack : 0.363
TNS   : 0.000

Type  : Slow 1200mV 85C Model Hold 'divisor:N2|cuenta[23]'
Slack : 0.426
TNS   : 0.000

Type  : Slow 1200mV 85C Model Hold 'divisor:N1|cuenta[10]'
Slack : 0.638
TNS   : 0.000

Type  : Slow 1200mV 85C Model Minimum Pulse Width 'reloj'
Slack : -3.000
TNS   : -38.075

Type  : Slow 1200mV 85C Model Minimum Pulse Width 'divisor:N2|cuenta[23]'
Slack : -1.403
TNS   : -78.568

Type  : Slow 1200mV 85C Model Minimum Pulse Width 'divisor:N1|cuenta[10]'
Slack : -1.403
TNS   : -22.448

Type  : Slow 1200mV 0C Model Setup 'divisor:N1|cuenta[10]'
Slack : -4.018
TNS   : -34.973

Type  : Slow 1200mV 0C Model Setup 'reloj'
Slack : -1.970
TNS   : -27.958

Type  : Slow 1200mV 0C Model Setup 'divisor:N2|cuenta[23]'
Slack : -0.908
TNS   : -11.696

Type  : Slow 1200mV 0C Model Hold 'reloj'
Slack : 0.327
TNS   : 0.000

Type  : Slow 1200mV 0C Model Hold 'divisor:N2|cuenta[23]'
Slack : 0.394
TNS   : 0.000

Type  : Slow 1200mV 0C Model Hold 'divisor:N1|cuenta[10]'
Slack : 0.589
TNS   : 0.000

Type  : Slow 1200mV 0C Model Minimum Pulse Width 'reloj'
Slack : -3.000
TNS   : -38.075

Type  : Slow 1200mV 0C Model Minimum Pulse Width 'divisor:N2|cuenta[23]'
Slack : -1.403
TNS   : -78.568

Type  : Slow 1200mV 0C Model Minimum Pulse Width 'divisor:N1|cuenta[10]'
Slack : -1.403
TNS   : -22.448

Type  : Fast 1200mV 0C Model Setup 'divisor:N1|cuenta[10]'
Slack : -1.294
TNS   : -8.343

Type  : Fast 1200mV 0C Model Setup 'reloj'
Slack : -1.029
TNS   : -2.445

Type  : Fast 1200mV 0C Model Setup 'divisor:N2|cuenta[23]'
Slack : 0.104
TNS   : 0.000

Type  : Fast 1200mV 0C Model Hold 'reloj'
Slack : 0.156
TNS   : 0.000

Type  : Fast 1200mV 0C Model Hold 'divisor:N2|cuenta[23]'
Slack : 0.171
TNS   : 0.000

Type  : Fast 1200mV 0C Model Hold 'divisor:N1|cuenta[10]'
Slack : 0.247
TNS   : 0.000

Type  : Fast 1200mV 0C Model Minimum Pulse Width 'reloj'
Slack : -3.000
TNS   : -28.814

Type  : Fast 1200mV 0C Model Minimum Pulse Width 'divisor:N2|cuenta[23]'
Slack : -1.000
TNS   : -56.000

Type  : Fast 1200mV 0C Model Minimum Pulse Width 'divisor:N1|cuenta[10]'
Slack : -1.000
TNS   : -16.000

------------------------------------------------------------
