------------------------------------------------------------
Timing Analyzer Summary
------------------------------------------------------------

Type  : Slow 1200mV 85C Model Setup 'divisor:N1|cuenta[10]'
Slack : -3.395
TNS   : -34.300

Type  : Slow 1200mV 85C Model Setup 'reloj'
Slack : -2.142
TNS   : -33.430

Type  : Slow 1200mV 85C Model Setup 'divisor:N2|cuenta[23]'
Slack : -0.241
TNS   : -0.743

Type  : Slow 1200mV 85C Model Hold 'reloj'
Slack : 0.355
TNS   : 0.000

Type  : Slow 1200mV 85C Model Hold 'divisor:N2|cuenta[23]'
Slack : 0.438
TNS   : 0.000

Type  : Slow 1200mV 85C Model Hold 'divisor:N1|cuenta[10]'
Slack : 0.630
TNS   : 0.000

Type  : Slow 1200mV 85C Model Minimum Pulse Width 'reloj'
Slack : -3.000
TNS   : -38.075

Type  : Slow 1200mV 85C Model Minimum Pulse Width 'divisor:N1|cuenta[10]'
Slack : -1.403
TNS   : -22.448

Type  : Slow 1200mV 85C Model Minimum Pulse Width 'divisor:N2|cuenta[23]'
Slack : -1.403
TNS   : -19.642

Type  : Slow 1200mV 0C Model Setup 'divisor:N1|cuenta[10]'
Slack : -2.968
TNS   : -29.838

Type  : Slow 1200mV 0C Model Setup 'reloj'
Slack : -1.829
TNS   : -27.823

Type  : Slow 1200mV 0C Model Setup 'divisor:N2|cuenta[23]'
Slack : -0.123
TNS   : -0.194

Type  : Slow 1200mV 0C Model Hold 'reloj'
Slack : 0.320
TNS   : 0.000

Type  : Slow 1200mV 0C Model Hold 'divisor:N2|cuenta[23]'
Slack : 0.402
TNS   : 0.000

Type  : Slow 1200mV 0C Model Hold 'divisor:N1|cuenta[10]'
Slack : 0.562
TNS   : 0.000

Type  : Slow 1200mV 0C Model Minimum Pulse Width 'reloj'
Slack : -3.000
TNS   : -38.075

Type  : Slow 1200mV 0C Model Minimum Pulse Width 'divisor:N1|cuenta[10]'
Slack : -1.403
TNS   : -22.448

Type  : Slow 1200mV 0C Model Minimum Pulse Width 'divisor:N2|cuenta[23]'
Slack : -1.403
TNS   : -19.642

Type  : Fast 1200mV 0C Model Setup 'reloj'
Slack : -0.882
TNS   : -2.407

Type  : Fast 1200mV 0C Model Setup 'divisor:N1|cuenta[10]'
Slack : -0.840
TNS   : -5.985

Type  : Fast 1200mV 0C Model Setup 'divisor:N2|cuenta[23]'
Slack : 0.446
TNS   : 0.000

Type  : Fast 1200mV 0C Model Hold 'reloj'
Slack : 0.150
TNS   : 0.000

Type  : Fast 1200mV 0C Model Hold 'divisor:N2|cuenta[23]'
Slack : 0.170
TNS   : 0.000

Type  : Fast 1200mV 0C Model Hold 'divisor:N1|cuenta[10]'
Slack : 0.243
TNS   : 0.000

Type  : Fast 1200mV 0C Model Minimum Pulse Width 'reloj'
Slack : -3.000
TNS   : -28.737

Type  : Fast 1200mV 0C Model Minimum Pulse Width 'divisor:N1|cuenta[10]'
Slack : -1.000
TNS   : -16.000

Type  : Fast 1200mV 0C Model Minimum Pulse Width 'divisor:N2|cuenta[23]'
Slack : -1.000
TNS   : -14.000

------------------------------------------------------------
