------------------------------------------------------------
Timing Analyzer Summary
------------------------------------------------------------

Type  : Slow 1200mV 85C Model Setup 'reloj'
Slack : -4.263
TNS   : -67.415

Type  : Slow 1200mV 85C Model Setup '\divisor:cuenta[22]'
Slack : -0.783
TNS   : -7.590

Type  : Slow 1200mV 85C Model Hold '\divisor:cuenta[22]'
Slack : 0.340
TNS   : 0.000

Type  : Slow 1200mV 85C Model Hold 'reloj'
Slack : 0.634
TNS   : 0.000

Type  : Slow 1200mV 85C Model Minimum Pulse Width 'reloj'
Slack : -3.000
TNS   : -42.284

Type  : Slow 1200mV 85C Model Minimum Pulse Width '\divisor:cuenta[22]'
Slack : -1.403
TNS   : -74.359

Type  : Slow 1200mV 0C Model Setup 'reloj'
Slack : -3.832
TNS   : -58.907

Type  : Slow 1200mV 0C Model Setup '\divisor:cuenta[22]'
Slack : -0.612
TNS   : -5.228

Type  : Slow 1200mV 0C Model Hold '\divisor:cuenta[22]'
Slack : 0.306
TNS   : 0.000

Type  : Slow 1200mV 0C Model Hold 'reloj'
Slack : 0.584
TNS   : 0.000

Type  : Slow 1200mV 0C Model Minimum Pulse Width 'reloj'
Slack : -3.000
TNS   : -42.284

Type  : Slow 1200mV 0C Model Minimum Pulse Width '\divisor:cuenta[22]'
Slack : -1.403
TNS   : -74.359

Type  : Fast 1200mV 0C Model Setup 'reloj'
Slack : -1.409
TNS   : -15.118

Type  : Fast 1200mV 0C Model Setup '\divisor:cuenta[22]'
Slack : 0.229
TNS   : 0.000

Type  : Fast 1200mV 0C Model Hold '\divisor:cuenta[22]'
Slack : 0.148
TNS   : 0.000

Type  : Fast 1200mV 0C Model Hold 'reloj'
Slack : 0.246
TNS   : 0.000

Type  : Fast 1200mV 0C Model Minimum Pulse Width 'reloj'
Slack : -3.000
TNS   : -31.741

Type  : Fast 1200mV 0C Model Minimum Pulse Width '\divisor:cuenta[22]'
Slack : -1.000
TNS   : -53.000

------------------------------------------------------------
