------------------------------------------------------------
TimeQuest Timing Analyzer Summary
------------------------------------------------------------

Type  : Slow 1200mV 85C Model Setup 'reloj_pixel'
Slack : -1.675
TNS   : -59.153

Type  : Slow 1200mV 85C Model Setup 'clk50mhz'
Slack : -0.686
TNS   : -0.686

Type  : Slow 1200mV 85C Model Hold 'reloj_pixel'
Slack : 0.426
TNS   : 0.000

Type  : Slow 1200mV 85C Model Hold 'clk50mhz'
Slack : 0.644
TNS   : 0.000

Type  : Slow 1200mV 85C Model Minimum Pulse Width 'clk50mhz'
Slack : -3.000
TNS   : -4.403

Type  : Slow 1200mV 85C Model Minimum Pulse Width 'reloj_pixel'
Slack : -1.403
TNS   : -57.523

Type  : Slow 1200mV 0C Model Setup 'reloj_pixel'
Slack : -1.437
TNS   : -50.715

Type  : Slow 1200mV 0C Model Setup 'clk50mhz'
Slack : -0.485
TNS   : -0.485

Type  : Slow 1200mV 0C Model Hold 'reloj_pixel'
Slack : 0.391
TNS   : 0.000

Type  : Slow 1200mV 0C Model Hold 'clk50mhz'
Slack : 0.478
TNS   : 0.000

Type  : Slow 1200mV 0C Model Minimum Pulse Width 'clk50mhz'
Slack : -3.000
TNS   : -4.403

Type  : Slow 1200mV 0C Model Minimum Pulse Width 'reloj_pixel'
Slack : -1.403
TNS   : -57.523

Type  : Fast 1200mV 0C Model Setup 'clk50mhz'
Slack : -0.169
TNS   : -0.169

Type  : Fast 1200mV 0C Model Setup 'reloj_pixel'
Slack : -0.167
TNS   : -3.113

Type  : Fast 1200mV 0C Model Hold 'reloj_pixel'
Slack : 0.153
TNS   : 0.000

Type  : Fast 1200mV 0C Model Hold 'clk50mhz'
Slack : 0.413
TNS   : 0.000

Type  : Fast 1200mV 0C Model Minimum Pulse Width 'clk50mhz'
Slack : -3.000
TNS   : -4.082

Type  : Fast 1200mV 0C Model Minimum Pulse Width 'reloj_pixel'
Slack : -1.000
TNS   : -41.000

------------------------------------------------------------
